line 10: unexpected character [ ] in definition name
