entry point name cannot be empty on line 3
source file: C:\Users\nicebyte\home\TERMINAL\niceshade\libniceshade\impl\technique-parser.cpp, source line: 146