unexpected character . in entry point name on line 3
source file: C:\Users\nicebyte\home\TERMINAL\niceshade\libniceshade\impl\technique-parser.cpp, source line: 176