Attempt to assign a descriptor of different type to slot 0 in set 0 which is already occupied by samp
