line 4: technique needs to define at least a vertex stage
