Input file does not appear to define any techniques. Define techniques with a special comment (`//T:').
